🚀 Router mode: tr
📊 Profiling enabled - CSV output: /tmp/thunderagent_profiles/step_profiles.csv
📈 Metrics monitoring enabled - interval: 5.0s
⏱️  Scheduler interval: 5.0s
⚖️  Acting token weight: 1.0
INFO:     Started server process [28690]
INFO:     Waiting for application startup.
INFO:ThunderAgent.scheduler.router:Started router with 1 backend(s): ['http://localhost:8000']
INFO:httpx:HTTP Request: GET http://localhost:8000/metrics "HTTP/1.1 200 OK"
INFO:ThunderAgent.backend.vllm_metrics:Fetched cache config for http://localhost:8000: block_size=16, num_gpu_blocks=2701, total_capacity=43216
INFO:httpx:HTTP Request: GET http://localhost:8000/metrics "HTTP/1.1 200 OK"
INFO:ThunderAgent.backend.vllm_metrics:Fetched cache config for http://localhost:8000: block_size=16, num_gpu_blocks=2701, total_capacity=43216
INFO:ThunderAgent.backend.vllm_metrics:Started metrics monitoring for http://localhost:8000 (interval: 5.0s, kv_capacity: 43216 tokens)
INFO:ThunderAgent.scheduler.router:Started scheduler loop (interval=5.0s)
INFO:     Application startup complete.
INFO:     Uvicorn running on http://0.0.0.0:9000 (Press CTRL+C to quit)
INFO:httpx:HTTP Request: GET http://localhost:8000/metrics "HTTP/1.1 200 OK"
INFO:httpx:HTTP Request: GET http://localhost:8000/metrics "HTTP/1.1 200 OK"
INFO:httpx:HTTP Request: GET http://localhost:8000/metrics "HTTP/1.1 200 OK"
INFO:httpx:HTTP Request: GET http://localhost:8000/metrics "HTTP/1.1 200 OK"
INFO:httpx:HTTP Request: GET http://localhost:8000/metrics "HTTP/1.1 200 OK"
INFO:httpx:HTTP Request: GET http://localhost:8000/metrics "HTTP/1.1 200 OK"
INFO:httpx:HTTP Request: GET http://localhost:8000/metrics "HTTP/1.1 200 OK"
INFO:httpx:HTTP Request: GET http://localhost:8000/metrics "HTTP/1.1 200 OK"
INFO:httpx:HTTP Request: GET http://localhost:8000/metrics "HTTP/1.1 200 OK"
INFO:httpx:HTTP Request: GET http://localhost:8000/metrics "HTTP/1.1 200 OK"
INFO:httpx:HTTP Request: GET http://localhost:8000/metrics "HTTP/1.1 200 OK"
INFO:httpx:HTTP Request: GET http://localhost:8000/metrics "HTTP/1.1 200 OK"
INFO:httpx:HTTP Request: GET http://localhost:8000/metrics "HTTP/1.1 200 OK"
INFO:httpx:HTTP Request: GET http://localhost:8000/metrics "HTTP/1.1 200 OK"
INFO:httpx:HTTP Request: GET http://localhost:8000/metrics "HTTP/1.1 200 OK"
INFO:httpx:HTTP Request: GET http://localhost:8000/metrics "HTTP/1.1 200 OK"
INFO:httpx:HTTP Request: GET http://localhost:8000/metrics "HTTP/1.1 200 OK"
INFO:httpx:HTTP Request: GET http://localhost:8000/metrics "HTTP/1.1 200 OK"
INFO:httpx:HTTP Request: GET http://localhost:8000/metrics "HTTP/1.1 200 OK"
INFO:httpx:HTTP Request: GET http://localhost:8000/metrics "HTTP/1.1 200 OK"
INFO:httpx:HTTP Request: GET http://localhost:8000/metrics "HTTP/1.1 200 OK"
INFO:httpx:HTTP Request: GET http://localhost:8000/metrics "HTTP/1.1 200 OK"
INFO:httpx:HTTP Request: GET http://localhost:8000/metrics "HTTP/1.1 200 OK"
INFO:httpx:HTTP Request: GET http://localhost:8000/metrics "HTTP/1.1 200 OK"
INFO:httpx:HTTP Request: GET http://localhost:8000/metrics "HTTP/1.1 200 OK"
INFO:httpx:HTTP Request: GET http://localhost:8000/metrics "HTTP/1.1 200 OK"
INFO:httpx:HTTP Request: GET http://localhost:8000/metrics "HTTP/1.1 200 OK"
INFO:httpx:HTTP Request: GET http://localhost:8000/metrics "HTTP/1.1 200 OK"
INFO:httpx:HTTP Request: GET http://localhost:8000/metrics "HTTP/1.1 200 OK"
INFO:httpx:HTTP Request: GET http://localhost:8000/metrics "HTTP/1.1 200 OK"
INFO:httpx:HTTP Request: GET http://localhost:8000/metrics "HTTP/1.1 200 OK"
INFO:httpx:HTTP Request: GET http://localhost:8000/metrics "HTTP/1.1 200 OK"
INFO:httpx:HTTP Request: GET http://localhost:8000/metrics "HTTP/1.1 200 OK"
INFO:httpx:HTTP Request: GET http://localhost:8000/metrics "HTTP/1.1 200 OK"
INFO:httpx:HTTP Request: GET http://localhost:8000/metrics "HTTP/1.1 200 OK"
INFO:httpx:HTTP Request: GET http://localhost:8000/metrics "HTTP/1.1 200 OK"
INFO:httpx:HTTP Request: GET http://localhost:8000/metrics "HTTP/1.1 200 OK"
INFO:httpx:HTTP Request: GET http://localhost:8000/metrics "HTTP/1.1 200 OK"
INFO:httpx:HTTP Request: GET http://localhost:8000/metrics "HTTP/1.1 200 OK"
INFO:httpx:HTTP Request: GET http://localhost:8000/metrics "HTTP/1.1 200 OK"
INFO:httpx:HTTP Request: GET http://localhost:8000/metrics "HTTP/1.1 200 OK"
INFO:httpx:HTTP Request: GET http://localhost:8000/metrics "HTTP/1.1 200 OK"
INFO:httpx:HTTP Request: GET http://localhost:8000/metrics "HTTP/1.1 200 OK"
INFO:httpx:HTTP Request: GET http://localhost:8000/metrics "HTTP/1.1 200 OK"
INFO:httpx:HTTP Request: GET http://localhost:8000/metrics "HTTP/1.1 200 OK"
INFO:httpx:HTTP Request: GET http://localhost:8000/metrics "HTTP/1.1 200 OK"
INFO:httpx:HTTP Request: GET http://localhost:8000/metrics "HTTP/1.1 200 OK"
INFO:httpx:HTTP Request: GET http://localhost:8000/metrics "HTTP/1.1 200 OK"
INFO:httpx:HTTP Request: GET http://localhost:8000/metrics "HTTP/1.1 200 OK"
INFO:httpx:HTTP Request: GET http://localhost:8000/metrics "HTTP/1.1 200 OK"
INFO:httpx:HTTP Request: GET http://localhost:8000/metrics "HTTP/1.1 200 OK"
INFO:httpx:HTTP Request: GET http://localhost:8000/metrics "HTTP/1.1 200 OK"
INFO:httpx:HTTP Request: GET http://localhost:8000/metrics "HTTP/1.1 200 OK"
INFO:httpx:HTTP Request: GET http://localhost:8000/metrics "HTTP/1.1 200 OK"
INFO:httpx:HTTP Request: GET http://localhost:8000/metrics "HTTP/1.1 200 OK"
INFO:httpx:HTTP Request: GET http://localhost:8000/metrics "HTTP/1.1 200 OK"
INFO:httpx:HTTP Request: GET http://localhost:8000/metrics "HTTP/1.1 200 OK"
INFO:httpx:HTTP Request: GET http://localhost:8000/metrics "HTTP/1.1 200 OK"
INFO:httpx:HTTP Request: GET http://localhost:8000/metrics "HTTP/1.1 200 OK"
INFO:httpx:HTTP Request: GET http://localhost:8000/metrics "HTTP/1.1 200 OK"
INFO:httpx:HTTP Request: GET http://localhost:8000/metrics "HTTP/1.1 200 OK"
INFO:httpx:HTTP Request: GET http://localhost:8000/metrics "HTTP/1.1 200 OK"
INFO:httpx:HTTP Request: GET http://localhost:8000/metrics "HTTP/1.1 200 OK"
INFO:httpx:HTTP Request: GET http://localhost:8000/metrics "HTTP/1.1 200 OK"
INFO:httpx:HTTP Request: GET http://localhost:8000/metrics "HTTP/1.1 200 OK"
INFO:httpx:HTTP Request: GET http://localhost:8000/metrics "HTTP/1.1 200 OK"
INFO:httpx:HTTP Request: GET http://localhost:8000/metrics "HTTP/1.1 200 OK"
INFO:httpx:HTTP Request: GET http://localhost:8000/metrics "HTTP/1.1 200 OK"
INFO:httpx:HTTP Request: GET http://localhost:8000/metrics "HTTP/1.1 200 OK"
INFO:httpx:HTTP Request: GET http://localhost:8000/metrics "HTTP/1.1 200 OK"
INFO:httpx:HTTP Request: GET http://localhost:8000/metrics "HTTP/1.1 200 OK"
INFO:httpx:HTTP Request: GET http://localhost:8000/metrics "HTTP/1.1 200 OK"
INFO:httpx:HTTP Request: GET http://localhost:8000/metrics "HTTP/1.1 200 OK"
INFO:httpx:HTTP Request: GET http://localhost:8000/metrics "HTTP/1.1 200 OK"
INFO:httpx:HTTP Request: GET http://localhost:8000/metrics "HTTP/1.1 200 OK"
INFO:httpx:HTTP Request: GET http://localhost:8000/metrics "HTTP/1.1 200 OK"
INFO:httpx:HTTP Request: GET http://localhost:8000/metrics "HTTP/1.1 200 OK"
INFO:httpx:HTTP Request: GET http://localhost:8000/metrics "HTTP/1.1 200 OK"
INFO:httpx:HTTP Request: GET http://localhost:8000/metrics "HTTP/1.1 200 OK"
INFO:httpx:HTTP Request: GET http://localhost:8000/metrics "HTTP/1.1 200 OK"
INFO:httpx:HTTP Request: GET http://localhost:8000/metrics "HTTP/1.1 200 OK"
INFO:httpx:HTTP Request: GET http://localhost:8000/metrics "HTTP/1.1 200 OK"
INFO:httpx:HTTP Request: GET http://localhost:8000/metrics "HTTP/1.1 200 OK"
INFO:httpx:HTTP Request: GET http://localhost:8000/metrics "HTTP/1.1 200 OK"
INFO:httpx:HTTP Request: GET http://localhost:8000/metrics "HTTP/1.1 200 OK"
INFO:httpx:HTTP Request: GET http://localhost:8000/metrics "HTTP/1.1 200 OK"
INFO:httpx:HTTP Request: GET http://localhost:8000/metrics "HTTP/1.1 200 OK"
INFO:httpx:HTTP Request: GET http://localhost:8000/metrics "HTTP/1.1 200 OK"
INFO:httpx:HTTP Request: GET http://localhost:8000/metrics "HTTP/1.1 200 OK"
INFO:httpx:HTTP Request: GET http://localhost:8000/metrics "HTTP/1.1 200 OK"
INFO:httpx:HTTP Request: GET http://localhost:8000/metrics "HTTP/1.1 200 OK"
INFO:httpx:HTTP Request: GET http://localhost:8000/metrics "HTTP/1.1 200 OK"
INFO:httpx:HTTP Request: GET http://localhost:8000/metrics "HTTP/1.1 200 OK"
INFO:httpx:HTTP Request: GET http://localhost:8000/metrics "HTTP/1.1 200 OK"
INFO:httpx:HTTP Request: GET http://localhost:8000/metrics "HTTP/1.1 200 OK"
INFO:httpx:HTTP Request: GET http://localhost:8000/metrics "HTTP/1.1 200 OK"
INFO:httpx:HTTP Request: GET http://localhost:8000/metrics "HTTP/1.1 200 OK"
INFO:httpx:HTTP Request: GET http://localhost:8000/metrics "HTTP/1.1 200 OK"
INFO:httpx:HTTP Request: GET http://localhost:8000/metrics "HTTP/1.1 200 OK"
INFO:httpx:HTTP Request: GET http://localhost:8000/metrics "HTTP/1.1 200 OK"
INFO:httpx:HTTP Request: GET http://localhost:8000/metrics "HTTP/1.1 200 OK"
INFO:httpx:HTTP Request: GET http://localhost:8000/metrics "HTTP/1.1 200 OK"
INFO:httpx:HTTP Request: GET http://localhost:8000/metrics "HTTP/1.1 200 OK"
INFO:httpx:HTTP Request: GET http://localhost:8000/metrics "HTTP/1.1 200 OK"
INFO:httpx:HTTP Request: GET http://localhost:8000/metrics "HTTP/1.1 200 OK"
INFO:httpx:HTTP Request: GET http://localhost:8000/metrics "HTTP/1.1 200 OK"
INFO:httpx:HTTP Request: GET http://localhost:8000/metrics "HTTP/1.1 200 OK"
INFO:httpx:HTTP Request: GET http://localhost:8000/metrics "HTTP/1.1 200 OK"
INFO:httpx:HTTP Request: GET http://localhost:8000/metrics "HTTP/1.1 200 OK"
INFO:httpx:HTTP Request: GET http://localhost:8000/metrics "HTTP/1.1 200 OK"
INFO:httpx:HTTP Request: GET http://localhost:8000/metrics "HTTP/1.1 200 OK"
INFO:httpx:HTTP Request: GET http://localhost:8000/metrics "HTTP/1.1 200 OK"
INFO:httpx:HTTP Request: GET http://localhost:8000/metrics "HTTP/1.1 200 OK"
INFO:httpx:HTTP Request: GET http://localhost:8000/metrics "HTTP/1.1 200 OK"
INFO:httpx:HTTP Request: GET http://localhost:8000/metrics "HTTP/1.1 200 OK"
INFO:httpx:HTTP Request: GET http://localhost:8000/metrics "HTTP/1.1 200 OK"
INFO:httpx:HTTP Request: GET http://localhost:8000/metrics "HTTP/1.1 200 OK"
INFO:httpx:HTTP Request: GET http://localhost:8000/metrics "HTTP/1.1 200 OK"
INFO:httpx:HTTP Request: GET http://localhost:8000/metrics "HTTP/1.1 200 OK"
INFO:httpx:HTTP Request: GET http://localhost:8000/metrics "HTTP/1.1 200 OK"
INFO:httpx:HTTP Request: GET http://localhost:8000/metrics "HTTP/1.1 200 OK"
INFO:httpx:HTTP Request: GET http://localhost:8000/metrics "HTTP/1.1 200 OK"
INFO:httpx:HTTP Request: GET http://localhost:8000/metrics "HTTP/1.1 200 OK"
INFO:httpx:HTTP Request: GET http://localhost:8000/metrics "HTTP/1.1 200 OK"
INFO:httpx:HTTP Request: GET http://localhost:8000/metrics "HTTP/1.1 200 OK"
INFO:httpx:HTTP Request: GET http://localhost:8000/metrics "HTTP/1.1 200 OK"
INFO:httpx:HTTP Request: GET http://localhost:8000/metrics "HTTP/1.1 200 OK"
INFO:httpx:HTTP Request: GET http://localhost:8000/metrics "HTTP/1.1 200 OK"
INFO:httpx:HTTP Request: GET http://localhost:8000/metrics "HTTP/1.1 200 OK"
INFO:httpx:HTTP Request: POST http://localhost:8000/v1/chat/completions "HTTP/1.1 200 OK"
INFO:httpx:HTTP Request: POST http://localhost:8000/v1/chat/completions "HTTP/1.1 200 OK"
INFO:     127.0.0.1:58306 - "POST /v1/chat/completions HTTP/1.1" 200 OK
INFO:     127.0.0.1:58308 - "POST /v1/chat/completions HTTP/1.1" 200 OK
INFO:httpx:HTTP Request: GET http://localhost:8000/metrics "HTTP/1.1 200 OK"
INFO:httpx:HTTP Request: GET http://localhost:8000/metrics "HTTP/1.1 200 OK"
INFO:httpx:HTTP Request: POST http://localhost:8000/v1/chat/completions "HTTP/1.1 200 OK"
INFO:     127.0.0.1:58306 - "POST /v1/chat/completions HTTP/1.1" 200 OK
INFO:httpx:HTTP Request: POST http://localhost:8000/v1/chat/completions "HTTP/1.1 200 OK"
INFO:     127.0.0.1:58306 - "POST /v1/chat/completions HTTP/1.1" 200 OK
INFO:httpx:HTTP Request: GET http://localhost:8000/metrics "HTTP/1.1 200 OK"
INFO:httpx:HTTP Request: GET http://localhost:8000/metrics "HTTP/1.1 200 OK"
INFO:httpx:HTTP Request: GET http://localhost:8000/metrics "HTTP/1.1 200 OK"
INFO:httpx:HTTP Request: GET http://localhost:8000/metrics "HTTP/1.1 200 OK"
INFO:httpx:HTTP Request: GET http://localhost:8000/metrics "HTTP/1.1 200 OK"
INFO:httpx:HTTP Request: GET http://localhost:8000/metrics "HTTP/1.1 200 OK"
INFO:httpx:HTTP Request: GET http://localhost:8000/metrics "HTTP/1.1 200 OK"
INFO:httpx:HTTP Request: GET http://localhost:8000/metrics "HTTP/1.1 200 OK"
INFO:httpx:HTTP Request: GET http://localhost:8000/metrics "HTTP/1.1 200 OK"
INFO:httpx:HTTP Request: GET http://localhost:8000/metrics "HTTP/1.1 200 OK"
INFO:httpx:HTTP Request: GET http://localhost:8000/metrics "HTTP/1.1 200 OK"
INFO:httpx:HTTP Request: GET http://localhost:8000/metrics "HTTP/1.1 200 OK"
INFO:httpx:HTTP Request: GET http://localhost:8000/metrics "HTTP/1.1 200 OK"
INFO:httpx:HTTP Request: GET http://localhost:8000/metrics "HTTP/1.1 200 OK"
INFO:httpx:HTTP Request: GET http://localhost:8000/metrics "HTTP/1.1 200 OK"
INFO:httpx:HTTP Request: GET http://localhost:8000/metrics "HTTP/1.1 200 OK"
INFO:httpx:HTTP Request: GET http://localhost:8000/metrics "HTTP/1.1 200 OK"
INFO:httpx:HTTP Request: GET http://localhost:8000/metrics "HTTP/1.1 200 OK"
INFO:httpx:HTTP Request: GET http://localhost:8000/metrics "HTTP/1.1 200 OK"
INFO:httpx:HTTP Request: GET http://localhost:8000/metrics "HTTP/1.1 200 OK"
INFO:httpx:HTTP Request: GET http://localhost:8000/metrics "HTTP/1.1 200 OK"
INFO:httpx:HTTP Request: GET http://localhost:8000/metrics "HTTP/1.1 200 OK"
INFO:httpx:HTTP Request: GET http://localhost:8000/metrics "HTTP/1.1 200 OK"
INFO:httpx:HTTP Request: GET http://localhost:8000/metrics "HTTP/1.1 200 OK"
INFO:httpx:HTTP Request: GET http://localhost:8000/metrics "HTTP/1.1 200 OK"
INFO:httpx:HTTP Request: GET http://localhost:8000/metrics "HTTP/1.1 200 OK"
INFO:httpx:HTTP Request: GET http://localhost:8000/metrics "HTTP/1.1 200 OK"
INFO:httpx:HTTP Request: GET http://localhost:8000/metrics "HTTP/1.1 200 OK"
INFO:httpx:HTTP Request: GET http://localhost:8000/metrics "HTTP/1.1 200 OK"
INFO:httpx:HTTP Request: GET http://localhost:8000/metrics "HTTP/1.1 200 OK"
INFO:httpx:HTTP Request: GET http://localhost:8000/metrics "HTTP/1.1 200 OK"
INFO:httpx:HTTP Request: GET http://localhost:8000/metrics "HTTP/1.1 200 OK"
INFO:httpx:HTTP Request: GET http://localhost:8000/metrics "HTTP/1.1 200 OK"
INFO:httpx:HTTP Request: GET http://localhost:8000/metrics "HTTP/1.1 200 OK"
INFO:httpx:HTTP Request: GET http://localhost:8000/metrics "HTTP/1.1 200 OK"
INFO:httpx:HTTP Request: GET http://localhost:8000/metrics "HTTP/1.1 200 OK"
INFO:httpx:HTTP Request: GET http://localhost:8000/metrics "HTTP/1.1 200 OK"
INFO:httpx:HTTP Request: GET http://localhost:8000/metrics "HTTP/1.1 200 OK"
INFO:httpx:HTTP Request: GET http://localhost:8000/metrics "HTTP/1.1 200 OK"
INFO:httpx:HTTP Request: GET http://localhost:8000/metrics "HTTP/1.1 200 OK"
INFO:httpx:HTTP Request: GET http://localhost:8000/metrics "HTTP/1.1 200 OK"
INFO:httpx:HTTP Request: GET http://localhost:8000/metrics "HTTP/1.1 200 OK"
INFO:httpx:HTTP Request: POST http://localhost:8000/v1/chat/completions "HTTP/1.1 200 OK"
INFO:     127.0.0.1:54378 - "POST /v1/chat/completions HTTP/1.1" 200 OK
INFO:httpx:HTTP Request: POST http://localhost:8000/v1/chat/completions "HTTP/1.1 200 OK"
INFO:     127.0.0.1:54390 - "POST /v1/chat/completions HTTP/1.1" 200 OK
INFO:httpx:HTTP Request: POST http://localhost:8000/v1/chat/completions "HTTP/1.1 200 OK"
INFO:     127.0.0.1:54344 - "POST /v1/chat/completions HTTP/1.1" 200 OK
INFO:httpx:HTTP Request: POST http://localhost:8000/v1/chat/completions "HTTP/1.1 200 OK"
INFO:     127.0.0.1:54338 - "POST /v1/chat/completions HTTP/1.1" 200 OK
INFO:httpx:HTTP Request: POST http://localhost:8000/v1/chat/completions "HTTP/1.1 200 OK"
INFO:     127.0.0.1:54346 - "POST /v1/chat/completions HTTP/1.1" 200 OK
INFO:httpx:HTTP Request: POST http://localhost:8000/v1/chat/completions "HTTP/1.1 200 OK"
INFO:     127.0.0.1:54352 - "POST /v1/chat/completions HTTP/1.1" 200 OK
INFO:httpx:HTTP Request: POST http://localhost:8000/v1/chat/completions "HTTP/1.1 200 OK"
INFO:     127.0.0.1:54364 - "POST /v1/chat/completions HTTP/1.1" 200 OK
INFO:httpx:HTTP Request: POST http://localhost:8000/v1/chat/completions "HTTP/1.1 200 OK"
INFO:     127.0.0.1:54486 - "POST /v1/chat/completions HTTP/1.1" 200 OK
INFO:httpx:HTTP Request: POST http://localhost:8000/v1/chat/completions "HTTP/1.1 200 OK"
INFO:     127.0.0.1:54360 - "POST /v1/chat/completions HTTP/1.1" 200 OK
INFO:httpx:HTTP Request: GET http://localhost:8000/metrics "HTTP/1.1 200 OK"
INFO:ThunderAgent.scheduler.router:Resumed program prog-021 to http://localhost:8000 (status=reasoning, tokens=1286, active=40671)
INFO:ThunderAgent.scheduler.router:Scheduler resumed 1 programs (reasoning=0, new=1, acting=0)
INFO:httpx:HTTP Request: GET http://localhost:8000/metrics "HTTP/1.1 200 OK"
INFO:httpx:HTTP Request: POST http://localhost:8000/v1/chat/completions "HTTP/1.1 200 OK"
INFO:     127.0.0.1:54548 - "POST /v1/chat/completions HTTP/1.1" 200 OK
INFO:httpx:HTTP Request: POST http://localhost:8000/v1/chat/completions "HTTP/1.1 200 OK"
INFO:     127.0.0.1:54352 - "POST /v1/chat/completions HTTP/1.1" 200 OK
INFO:httpx:HTTP Request: POST http://localhost:8000/v1/chat/completions "HTTP/1.1 200 OK"
INFO:     127.0.0.1:54352 - "POST /v1/chat/completions HTTP/1.1" 200 OK
INFO:httpx:HTTP Request: POST http://localhost:8000/v1/chat/completions "HTTP/1.1 200 OK"
INFO:     127.0.0.1:54352 - "POST /v1/chat/completions HTTP/1.1" 200 OK
INFO:httpx:HTTP Request: POST http://localhost:8000/v1/chat/completions "HTTP/1.1 200 OK"
INFO:     127.0.0.1:54346 - "POST /v1/chat/completions HTTP/1.1" 200 OK
INFO:httpx:HTTP Request: POST http://localhost:8000/v1/chat/completions "HTTP/1.1 200 OK"
INFO:     127.0.0.1:54364 - "POST /v1/chat/completions HTTP/1.1" 200 OK
INFO:httpx:HTTP Request: POST http://localhost:8000/v1/chat/completions "HTTP/1.1 200 OK"
INFO:     127.0.0.1:54360 - "POST /v1/chat/completions HTTP/1.1" 200 OK
INFO:httpx:HTTP Request: POST http://localhost:8000/v1/chat/completions "HTTP/1.1 200 OK"
INFO:     127.0.0.1:54352 - "POST /v1/chat/completions HTTP/1.1" 200 OK
INFO:httpx:HTTP Request: POST http://localhost:8000/v1/chat/completions "HTTP/1.1 200 OK"
INFO:     127.0.0.1:54352 - "POST /v1/chat/completions HTTP/1.1" 200 OK
INFO:httpx:HTTP Request: POST http://localhost:8000/v1/chat/completions "HTTP/1.1 200 OK"
INFO:     127.0.0.1:54352 - "POST /v1/chat/completions HTTP/1.1" 200 OK
INFO:httpx:HTTP Request: POST http://localhost:8000/v1/chat/completions "HTTP/1.1 200 OK"
INFO:     127.0.0.1:54346 - "POST /v1/chat/completions HTTP/1.1" 200 OK
INFO:httpx:HTTP Request: GET http://localhost:8000/metrics "HTTP/1.1 200 OK"
INFO:ThunderAgent.scheduler.router:Paused program prog-021 from http://localhost:8000 (tokens=1639)
INFO:ThunderAgent.scheduler.router:Scheduler paused ACTING program prog-021 (tokens=1639)
INFO:ThunderAgent.scheduler.router:Paused program prog-001 from http://localhost:8000 (tokens=3167)
INFO:ThunderAgent.scheduler.router:Scheduler paused ACTING program prog-001 (tokens=3167)
INFO:ThunderAgent.scheduler.router:Scheduler paused/marked 2 programs on http://localhost:8000
INFO:httpx:HTTP Request: POST http://localhost:8000/v1/chat/completions "HTTP/1.1 200 OK"
INFO:     127.0.0.1:54352 - "POST /v1/chat/completions HTTP/1.1" 200 OK
INFO:httpx:HTTP Request: GET http://localhost:8000/metrics "HTTP/1.1 200 OK"
INFO:httpx:HTTP Request: POST http://localhost:8000/v1/chat/completions "HTTP/1.1 200 OK"
INFO:     127.0.0.1:54364 - "POST /v1/chat/completions HTTP/1.1" 200 OK
INFO:httpx:HTTP Request: POST http://localhost:8000/v1/chat/completions "HTTP/1.1 200 OK"
INFO:     127.0.0.1:54364 - "POST /v1/chat/completions HTTP/1.1" 200 OK
INFO:httpx:HTTP Request: POST http://localhost:8000/v1/chat/completions "HTTP/1.1 200 OK"
INFO:     127.0.0.1:54360 - "POST /v1/chat/completions HTTP/1.1" 200 OK
INFO:httpx:HTTP Request: POST http://localhost:8000/v1/chat/completions "HTTP/1.1 200 OK"
INFO:     127.0.0.1:54364 - "POST /v1/chat/completions HTTP/1.1" 200 OK
INFO:httpx:HTTP Request: POST http://localhost:8000/v1/chat/completions "HTTP/1.1 200 OK"
INFO:     127.0.0.1:54364 - "POST /v1/chat/completions HTTP/1.1" 200 OK
INFO:httpx:HTTP Request: POST http://localhost:8000/v1/chat/completions "HTTP/1.1 200 OK"
INFO:     127.0.0.1:54364 - "POST /v1/chat/completions HTTP/1.1" 200 OK
INFO:httpx:HTTP Request: POST http://localhost:8000/v1/chat/completions "HTTP/1.1 200 OK"
INFO:     127.0.0.1:54364 - "POST /v1/chat/completions HTTP/1.1" 200 OK
INFO:httpx:HTTP Request: POST http://localhost:8000/v1/chat/completions "HTTP/1.1 200 OK"
INFO:     127.0.0.1:54360 - "POST /v1/chat/completions HTTP/1.1" 200 OK
INFO:httpx:HTTP Request: POST http://localhost:8000/v1/chat/completions "HTTP/1.1 200 OK"
INFO:     127.0.0.1:54364 - "POST /v1/chat/completions HTTP/1.1" 200 OK
INFO:httpx:HTTP Request: GET http://localhost:8000/metrics "HTTP/1.1 200 OK"
INFO:ThunderAgent.scheduler.router:Paused program prog-017 from http://localhost:8000 (tokens=2929)
INFO:ThunderAgent.scheduler.router:Scheduler paused ACTING program prog-017 (tokens=2929)
INFO:ThunderAgent.scheduler.router:Scheduler paused/marked 1 programs on http://localhost:8000
INFO:httpx:HTTP Request: GET http://localhost:8000/metrics "HTTP/1.1 200 OK"
INFO:httpx:HTTP Request: POST http://localhost:8000/v1/chat/completions "HTTP/1.1 200 OK"
INFO:     127.0.0.1:54364 - "POST /v1/chat/completions HTTP/1.1" 200 OK
INFO:httpx:HTTP Request: POST http://localhost:8000/v1/chat/completions "HTTP/1.1 200 OK"
INFO:     127.0.0.1:54364 - "POST /v1/chat/completions HTTP/1.1" 200 OK
INFO:httpx:HTTP Request: POST http://localhost:8000/v1/chat/completions "HTTP/1.1 200 OK"
INFO:     127.0.0.1:54360 - "POST /v1/chat/completions HTTP/1.1" 200 OK
INFO:httpx:HTTP Request: POST http://localhost:8000/v1/chat/completions "HTTP/1.1 200 OK"
INFO:     127.0.0.1:54364 - "POST /v1/chat/completions HTTP/1.1" 200 OK
INFO:httpx:HTTP Request: POST http://localhost:8000/v1/chat/completions "HTTP/1.1 200 OK"
INFO:     127.0.0.1:54360 - "POST /v1/chat/completions HTTP/1.1" 200 OK
INFO:httpx:HTTP Request: POST http://localhost:8000/v1/chat/completions "HTTP/1.1 200 OK"
INFO:     127.0.0.1:54364 - "POST /v1/chat/completions HTTP/1.1" 200 OK
INFO:httpx:HTTP Request: POST http://localhost:8000/v1/chat/completions "HTTP/1.1 200 OK"
INFO:     127.0.0.1:54364 - "POST /v1/chat/completions HTTP/1.1" 200 OK
INFO:httpx:HTTP Request: POST http://localhost:8000/v1/chat/completions "HTTP/1.1 200 OK"
INFO:     127.0.0.1:54364 - "POST /v1/chat/completions HTTP/1.1" 200 OK
INFO:httpx:HTTP Request: POST http://localhost:8000/v1/chat/completions "HTTP/1.1 200 OK"
INFO:     127.0.0.1:54364 - "POST /v1/chat/completions HTTP/1.1" 200 OK
INFO:httpx:HTTP Request: POST http://localhost:8000/v1/chat/completions "HTTP/1.1 200 OK"
INFO:     127.0.0.1:54364 - "POST /v1/chat/completions HTTP/1.1" 200 OK
INFO:httpx:HTTP Request: POST http://localhost:8000/v1/chat/completions "HTTP/1.1 200 OK"
INFO:     127.0.0.1:63486 - "POST /v1/chat/completions HTTP/1.1" 200 OK
INFO:httpx:HTTP Request: POST http://localhost:8000/v1/chat/completions "HTTP/1.1 200 OK"
INFO:     127.0.0.1:54364 - "POST /v1/chat/completions HTTP/1.1" 200 OK
INFO:httpx:HTTP Request: GET http://localhost:8000/metrics "HTTP/1.1 200 OK"
INFO:ThunderAgent.scheduler.router:Paused program prog-007 from http://localhost:8000 (tokens=5269)
INFO:ThunderAgent.scheduler.router:Scheduler paused ACTING program prog-007 (tokens=5269)
INFO:ThunderAgent.scheduler.router:Scheduler paused/marked 1 programs on http://localhost:8000
INFO:httpx:HTTP Request: GET http://localhost:8000/metrics "HTTP/1.1 200 OK"
INFO:httpx:HTTP Request: POST http://localhost:8000/v1/chat/completions "HTTP/1.1 200 OK"
INFO:     127.0.0.1:54364 - "POST /v1/chat/completions HTTP/1.1" 200 OK
INFO:httpx:HTTP Request: POST http://localhost:8000/v1/chat/completions "HTTP/1.1 400 Bad Request"
INFO:     127.0.0.1:54364 - "POST /v1/chat/completions HTTP/1.1" 400 Bad Request
INFO:httpx:HTTP Request: POST http://localhost:8000/v1/chat/completions "HTTP/1.1 200 OK"
INFO:     127.0.0.1:54364 - "POST /v1/chat/completions HTTP/1.1" 200 OK
INFO:httpx:HTTP Request: POST http://localhost:8000/v1/chat/completions "HTTP/1.1 200 OK"
INFO:     127.0.0.1:54364 - "POST /v1/chat/completions HTTP/1.1" 200 OK
INFO:httpx:HTTP Request: POST http://localhost:8000/v1/chat/completions "HTTP/1.1 200 OK"
INFO:     127.0.0.1:63486 - "POST /v1/chat/completions HTTP/1.1" 200 OK
INFO:httpx:HTTP Request: POST http://localhost:8000/v1/chat/completions "HTTP/1.1 200 OK"
INFO:     127.0.0.1:54364 - "POST /v1/chat/completions HTTP/1.1" 200 OK
INFO:httpx:HTTP Request: POST http://localhost:8000/v1/chat/completions "HTTP/1.1 200 OK"
INFO:     127.0.0.1:54364 - "POST /v1/chat/completions HTTP/1.1" 200 OK
INFO:httpx:HTTP Request: GET http://localhost:8000/metrics "HTTP/1.1 200 OK"
INFO:ThunderAgent.scheduler.router:Resumed program prog-010 to http://localhost:8000 (status=reasoning, tokens=1523, active=42283)
INFO:ThunderAgent.scheduler.router:Scheduler resumed 1 programs (reasoning=0, new=1, acting=0)
INFO:httpx:HTTP Request: GET http://localhost:8000/metrics "HTTP/1.1 200 OK"
INFO:httpx:HTTP Request: POST http://localhost:8000/v1/chat/completions "HTTP/1.1 200 OK"
INFO:     127.0.0.1:54424 - "POST /v1/chat/completions HTTP/1.1" 200 OK
INFO:httpx:HTTP Request: POST http://localhost:8000/v1/chat/completions "HTTP/1.1 200 OK"
INFO:     127.0.0.1:54364 - "POST /v1/chat/completions HTTP/1.1" 200 OK
INFO:httpx:HTTP Request: POST http://localhost:8000/v1/chat/completions "HTTP/1.1 200 OK"
INFO:     127.0.0.1:54364 - "POST /v1/chat/completions HTTP/1.1" 200 OK
INFO:httpx:HTTP Request: POST http://localhost:8000/v1/chat/completions "HTTP/1.1 400 Bad Request"
INFO:     127.0.0.1:54364 - "POST /v1/chat/completions HTTP/1.1" 400 Bad Request
INFO:httpx:HTTP Request: POST http://localhost:8000/v1/chat/completions "HTTP/1.1 200 OK"
INFO:     127.0.0.1:54364 - "POST /v1/chat/completions HTTP/1.1" 200 OK
INFO:httpx:HTTP Request: POST http://localhost:8000/v1/chat/completions "HTTP/1.1 200 OK"
INFO:     127.0.0.1:54424 - "POST /v1/chat/completions HTTP/1.1" 200 OK
INFO:httpx:HTTP Request: POST http://localhost:8000/v1/chat/completions "HTTP/1.1 200 OK"
INFO:     127.0.0.1:54364 - "POST /v1/chat/completions HTTP/1.1" 200 OK
INFO:httpx:HTTP Request: POST http://localhost:8000/v1/chat/completions "HTTP/1.1 200 OK"
INFO:     127.0.0.1:54364 - "POST /v1/chat/completions HTTP/1.1" 200 OK
INFO:httpx:HTTP Request: POST http://localhost:8000/v1/chat/completions "HTTP/1.1 400 Bad Request"
INFO:     127.0.0.1:54364 - "POST /v1/chat/completions HTTP/1.1" 400 Bad Request
INFO:httpx:HTTP Request: POST http://localhost:8000/v1/chat/completions "HTTP/1.1 200 OK"
INFO:     127.0.0.1:54424 - "POST /v1/chat/completions HTTP/1.1" 200 OK
INFO:httpx:HTTP Request: POST http://localhost:8000/v1/chat/completions "HTTP/1.1 200 OK"
INFO:     127.0.0.1:54364 - "POST /v1/chat/completions HTTP/1.1" 200 OK
INFO:httpx:HTTP Request: GET http://localhost:8000/metrics "HTTP/1.1 200 OK"
INFO:ThunderAgent.scheduler.router:Paused program prog-010 from http://localhost:8000 (tokens=2213)
INFO:ThunderAgent.scheduler.router:Scheduler paused ACTING program prog-010 (tokens=2213)
INFO:ThunderAgent.scheduler.router:Paused program prog-005 from http://localhost:8000 (tokens=6039)
INFO:ThunderAgent.scheduler.router:Scheduler paused ACTING program prog-005 (tokens=6039)
INFO:ThunderAgent.scheduler.router:Scheduler paused/marked 2 programs on http://localhost:8000
INFO:httpx:HTTP Request: GET http://localhost:8000/metrics "HTTP/1.1 200 OK"
INFO:httpx:HTTP Request: POST http://localhost:8000/v1/chat/completions "HTTP/1.1 200 OK"
INFO:     127.0.0.1:54364 - "POST /v1/chat/completions HTTP/1.1" 200 OK
INFO:httpx:HTTP Request: POST http://localhost:8000/v1/chat/completions "HTTP/1.1 200 OK"
INFO:     127.0.0.1:54364 - "POST /v1/chat/completions HTTP/1.1" 200 OK
INFO:httpx:HTTP Request: POST http://localhost:8000/v1/chat/completions "HTTP/1.1 200 OK"
INFO:     127.0.0.1:54364 - "POST /v1/chat/completions HTTP/1.1" 200 OK
INFO:httpx:HTTP Request: GET http://localhost:8000/metrics "HTTP/1.1 200 OK"
INFO:ThunderAgent.scheduler.router:Resumed program prog-021 to http://localhost:8000 (status=reasoning, tokens=1957, active=40367)
INFO:ThunderAgent.scheduler.router:Resumed program prog-015 to http://localhost:8000 (status=reasoning, tokens=1761, active=42128)
INFO:ThunderAgent.scheduler.router:Scheduler resumed 2 programs (reasoning=1, new=1, acting=0)
INFO:httpx:HTTP Request: GET http://localhost:8000/metrics "HTTP/1.1 200 OK"
INFO:httpx:HTTP Request: POST http://localhost:8000/v1/chat/completions "HTTP/1.1 200 OK"
INFO:     127.0.0.1:54438 - "POST /v1/chat/completions HTTP/1.1" 200 OK
INFO:httpx:HTTP Request: POST http://localhost:8000/v1/chat/completions "HTTP/1.1 200 OK"
INFO:     127.0.0.1:54346 - "POST /v1/chat/completions HTTP/1.1" 200 OK
INFO:httpx:HTTP Request: POST http://localhost:8000/v1/chat/completions "HTTP/1.1 200 OK"
INFO:     127.0.0.1:54364 - "POST /v1/chat/completions HTTP/1.1" 200 OK
INFO:httpx:HTTP Request: POST http://localhost:8000/v1/chat/completions "HTTP/1.1 200 OK"
INFO:     127.0.0.1:54364 - "POST /v1/chat/completions HTTP/1.1" 200 OK
INFO:httpx:HTTP Request: POST http://localhost:8000/v1/chat/completions "HTTP/1.1 200 OK"
INFO:     127.0.0.1:54364 - "POST /v1/chat/completions HTTP/1.1" 200 OK
INFO:httpx:HTTP Request: GET http://localhost:8000/metrics "HTTP/1.1 200 OK"
INFO:ThunderAgent.scheduler.router:Paused program prog-015 from http://localhost:8000 (tokens=2116)
INFO:ThunderAgent.scheduler.router:Scheduler paused ACTING program prog-015 (tokens=2116)
INFO:ThunderAgent.scheduler.router:Scheduler paused/marked 1 programs on http://localhost:8000
INFO:httpx:HTTP Request: GET http://localhost:8000/metrics "HTTP/1.1 200 OK"
INFO:httpx:HTTP Request: POST http://localhost:8000/v1/chat/completions "HTTP/1.1 200 OK"
INFO:     127.0.0.1:55582 - "POST /v1/chat/completions HTTP/1.1" 200 OK
INFO:httpx:HTTP Request: GET http://localhost:8000/metrics "HTTP/1.1 200 OK"
INFO:httpx:HTTP Request: GET http://localhost:8000/metrics "HTTP/1.1 200 OK"
INFO:httpx:HTTP Request: POST http://localhost:8000/v1/chat/completions "HTTP/1.1 200 OK"
INFO:     127.0.0.1:55582 - "POST /v1/chat/completions HTTP/1.1" 200 OK
INFO:httpx:HTTP Request: GET http://localhost:8000/metrics "HTTP/1.1 200 OK"
INFO:httpx:HTTP Request: GET http://localhost:8000/metrics "HTTP/1.1 200 OK"
INFO:httpx:HTTP Request: POST http://localhost:8000/v1/chat/completions "HTTP/1.1 200 OK"
INFO:     127.0.0.1:62712 - "POST /v1/chat/completions HTTP/1.1" 200 OK
INFO:httpx:HTTP Request: GET http://localhost:8000/metrics "HTTP/1.1 200 OK"
INFO:httpx:HTTP Request: GET http://localhost:8000/metrics "HTTP/1.1 200 OK"
INFO:httpx:HTTP Request: POST http://localhost:8000/v1/chat/completions "HTTP/1.1 200 OK"
INFO:     127.0.0.1:62712 - "POST /v1/chat/completions HTTP/1.1" 200 OK
INFO:httpx:HTTP Request: GET http://localhost:8000/metrics "HTTP/1.1 200 OK"
INFO:httpx:HTTP Request: GET http://localhost:8000/metrics "HTTP/1.1 200 OK"
INFO:httpx:HTTP Request: GET http://localhost:8000/metrics "HTTP/1.1 200 OK"
INFO:httpx:HTTP Request: GET http://localhost:8000/metrics "HTTP/1.1 200 OK"
INFO:httpx:HTTP Request: GET http://localhost:8000/metrics "HTTP/1.1 200 OK"
INFO:httpx:HTTP Request: GET http://localhost:8000/metrics "HTTP/1.1 200 OK"
INFO:httpx:HTTP Request: GET http://localhost:8000/metrics "HTTP/1.1 200 OK"
INFO:httpx:HTTP Request: GET http://localhost:8000/metrics "HTTP/1.1 200 OK"
INFO:httpx:HTTP Request: GET http://localhost:8000/metrics "HTTP/1.1 200 OK"
INFO:httpx:HTTP Request: GET http://localhost:8000/metrics "HTTP/1.1 200 OK"
INFO:httpx:HTTP Request: GET http://localhost:8000/metrics "HTTP/1.1 200 OK"
INFO:httpx:HTTP Request: GET http://localhost:8000/metrics "HTTP/1.1 200 OK"
INFO:httpx:HTTP Request: GET http://localhost:8000/metrics "HTTP/1.1 200 OK"
INFO:httpx:HTTP Request: GET http://localhost:8000/metrics "HTTP/1.1 200 OK"
INFO:httpx:HTTP Request: GET http://localhost:8000/metrics "HTTP/1.1 200 OK"
INFO:httpx:HTTP Request: GET http://localhost:8000/metrics "HTTP/1.1 200 OK"
INFO:httpx:HTTP Request: GET http://localhost:8000/metrics "HTTP/1.1 200 OK"
INFO:httpx:HTTP Request: GET http://localhost:8000/metrics "HTTP/1.1 200 OK"
INFO:httpx:HTTP Request: GET http://localhost:8000/metrics "HTTP/1.1 200 OK"
INFO:httpx:HTTP Request: GET http://localhost:8000/metrics "HTTP/1.1 200 OK"
INFO:httpx:HTTP Request: GET http://localhost:8000/metrics "HTTP/1.1 200 OK"
INFO:httpx:HTTP Request: GET http://localhost:8000/metrics "HTTP/1.1 200 OK"
INFO:httpx:HTTP Request: GET http://localhost:8000/metrics "HTTP/1.1 200 OK"
INFO:httpx:HTTP Request: GET http://localhost:8000/metrics "HTTP/1.1 200 OK"
INFO:httpx:HTTP Request: GET http://localhost:8000/metrics "HTTP/1.1 200 OK"
INFO:httpx:HTTP Request: GET http://localhost:8000/metrics "HTTP/1.1 200 OK"
INFO:httpx:HTTP Request: GET http://localhost:8000/metrics "HTTP/1.1 200 OK"
INFO:httpx:HTTP Request: GET http://localhost:8000/metrics "HTTP/1.1 200 OK"
INFO:httpx:HTTP Request: GET http://localhost:8000/metrics "HTTP/1.1 200 OK"
INFO:httpx:HTTP Request: GET http://localhost:8000/metrics "HTTP/1.1 200 OK"
INFO:httpx:HTTP Request: GET http://localhost:8000/metrics "HTTP/1.1 200 OK"
INFO:httpx:HTTP Request: GET http://localhost:8000/metrics "HTTP/1.1 200 OK"
INFO:httpx:HTTP Request: GET http://localhost:8000/metrics "HTTP/1.1 200 OK"
INFO:httpx:HTTP Request: GET http://localhost:8000/metrics "HTTP/1.1 200 OK"
INFO:httpx:HTTP Request: GET http://localhost:8000/metrics "HTTP/1.1 200 OK"
INFO:httpx:HTTP Request: GET http://localhost:8000/metrics "HTTP/1.1 200 OK"
INFO:httpx:HTTP Request: GET http://localhost:8000/metrics "HTTP/1.1 200 OK"
INFO:httpx:HTTP Request: GET http://localhost:8000/metrics "HTTP/1.1 200 OK"
INFO:httpx:HTTP Request: GET http://localhost:8000/metrics "HTTP/1.1 200 OK"
INFO:httpx:HTTP Request: GET http://localhost:8000/metrics "HTTP/1.1 200 OK"
INFO:httpx:HTTP Request: GET http://localhost:8000/metrics "HTTP/1.1 200 OK"
INFO:httpx:HTTP Request: GET http://localhost:8000/metrics "HTTP/1.1 200 OK"
INFO:httpx:HTTP Request: GET http://localhost:8000/metrics "HTTP/1.1 200 OK"
INFO:httpx:HTTP Request: GET http://localhost:8000/metrics "HTTP/1.1 200 OK"
INFO:httpx:HTTP Request: GET http://localhost:8000/metrics "HTTP/1.1 200 OK"
INFO:httpx:HTTP Request: GET http://localhost:8000/metrics "HTTP/1.1 200 OK"
INFO:httpx:HTTP Request: GET http://localhost:8000/metrics "HTTP/1.1 200 OK"
INFO:httpx:HTTP Request: GET http://localhost:8000/metrics "HTTP/1.1 200 OK"
INFO:httpx:HTTP Request: GET http://localhost:8000/metrics "HTTP/1.1 200 OK"
INFO:httpx:HTTP Request: GET http://localhost:8000/metrics "HTTP/1.1 200 OK"
INFO:httpx:HTTP Request: GET http://localhost:8000/metrics "HTTP/1.1 200 OK"
INFO:httpx:HTTP Request: GET http://localhost:8000/metrics "HTTP/1.1 200 OK"
INFO:httpx:HTTP Request: GET http://localhost:8000/metrics "HTTP/1.1 200 OK"
INFO:httpx:HTTP Request: GET http://localhost:8000/metrics "HTTP/1.1 200 OK"
INFO:httpx:HTTP Request: GET http://localhost:8000/metrics "HTTP/1.1 200 OK"
INFO:httpx:HTTP Request: GET http://localhost:8000/metrics "HTTP/1.1 200 OK"
INFO:httpx:HTTP Request: GET http://localhost:8000/metrics "HTTP/1.1 200 OK"
INFO:httpx:HTTP Request: GET http://localhost:8000/metrics "HTTP/1.1 200 OK"
INFO:httpx:HTTP Request: GET http://localhost:8000/metrics "HTTP/1.1 200 OK"
INFO:httpx:HTTP Request: GET http://localhost:8000/metrics "HTTP/1.1 200 OK"
INFO:httpx:HTTP Request: GET http://localhost:8000/metrics "HTTP/1.1 200 OK"
INFO:httpx:HTTP Request: GET http://localhost:8000/metrics "HTTP/1.1 200 OK"
INFO:httpx:HTTP Request: GET http://localhost:8000/metrics "HTTP/1.1 200 OK"
INFO:httpx:HTTP Request: GET http://localhost:8000/metrics "HTTP/1.1 200 OK"
INFO:httpx:HTTP Request: GET http://localhost:8000/metrics "HTTP/1.1 200 OK"
INFO:httpx:HTTP Request: GET http://localhost:8000/metrics "HTTP/1.1 200 OK"
INFO:httpx:HTTP Request: GET http://localhost:8000/metrics "HTTP/1.1 200 OK"
INFO:httpx:HTTP Request: GET http://localhost:8000/metrics "HTTP/1.1 200 OK"
INFO:httpx:HTTP Request: GET http://localhost:8000/metrics "HTTP/1.1 200 OK"
INFO:httpx:HTTP Request: GET http://localhost:8000/metrics "HTTP/1.1 200 OK"
INFO:httpx:HTTP Request: GET http://localhost:8000/metrics "HTTP/1.1 200 OK"
INFO:httpx:HTTP Request: GET http://localhost:8000/metrics "HTTP/1.1 200 OK"
INFO:httpx:HTTP Request: GET http://localhost:8000/metrics "HTTP/1.1 200 OK"
INFO:httpx:HTTP Request: GET http://localhost:8000/metrics "HTTP/1.1 200 OK"
INFO:httpx:HTTP Request: GET http://localhost:8000/metrics "HTTP/1.1 200 OK"
INFO:httpx:HTTP Request: GET http://localhost:8000/metrics "HTTP/1.1 200 OK"
INFO:httpx:HTTP Request: GET http://localhost:8000/metrics "HTTP/1.1 200 OK"
INFO:httpx:HTTP Request: GET http://localhost:8000/metrics "HTTP/1.1 200 OK"
INFO:httpx:HTTP Request: GET http://localhost:8000/metrics "HTTP/1.1 200 OK"
INFO:httpx:HTTP Request: GET http://localhost:8000/metrics "HTTP/1.1 200 OK"
INFO:httpx:HTTP Request: GET http://localhost:8000/metrics "HTTP/1.1 200 OK"
INFO:httpx:HTTP Request: GET http://localhost:8000/metrics "HTTP/1.1 200 OK"
INFO:httpx:HTTP Request: GET http://localhost:8000/metrics "HTTP/1.1 200 OK"
INFO:httpx:HTTP Request: GET http://localhost:8000/metrics "HTTP/1.1 200 OK"
INFO:httpx:HTTP Request: GET http://localhost:8000/metrics "HTTP/1.1 200 OK"
INFO:httpx:HTTP Request: GET http://localhost:8000/metrics "HTTP/1.1 200 OK"
INFO:httpx:HTTP Request: GET http://localhost:8000/metrics "HTTP/1.1 200 OK"
INFO:httpx:HTTP Request: GET http://localhost:8000/metrics "HTTP/1.1 200 OK"
INFO:httpx:HTTP Request: GET http://localhost:8000/metrics "HTTP/1.1 200 OK"
INFO:httpx:HTTP Request: GET http://localhost:8000/metrics "HTTP/1.1 200 OK"
INFO:httpx:HTTP Request: GET http://localhost:8000/metrics "HTTP/1.1 200 OK"
INFO:httpx:HTTP Request: GET http://localhost:8000/metrics "HTTP/1.1 200 OK"
INFO:httpx:HTTP Request: GET http://localhost:8000/metrics "HTTP/1.1 200 OK"
INFO:httpx:HTTP Request: GET http://localhost:8000/metrics "HTTP/1.1 200 OK"
INFO:httpx:HTTP Request: GET http://localhost:8000/metrics "HTTP/1.1 200 OK"
INFO:httpx:HTTP Request: GET http://localhost:8000/metrics "HTTP/1.1 200 OK"
INFO:httpx:HTTP Request: GET http://localhost:8000/metrics "HTTP/1.1 200 OK"
INFO:httpx:HTTP Request: GET http://localhost:8000/metrics "HTTP/1.1 200 OK"
INFO:httpx:HTTP Request: GET http://localhost:8000/metrics "HTTP/1.1 200 OK"
INFO:httpx:HTTP Request: GET http://localhost:8000/metrics "HTTP/1.1 200 OK"
INFO:httpx:HTTP Request: GET http://localhost:8000/metrics "HTTP/1.1 200 OK"
INFO:httpx:HTTP Request: GET http://localhost:8000/metrics "HTTP/1.1 200 OK"
INFO:httpx:HTTP Request: GET http://localhost:8000/metrics "HTTP/1.1 200 OK"
INFO:httpx:HTTP Request: GET http://localhost:8000/metrics "HTTP/1.1 200 OK"
INFO:httpx:HTTP Request: GET http://localhost:8000/metrics "HTTP/1.1 200 OK"
INFO:httpx:HTTP Request: GET http://localhost:8000/metrics "HTTP/1.1 200 OK"
INFO:httpx:HTTP Request: GET http://localhost:8000/metrics "HTTP/1.1 200 OK"
INFO:httpx:HTTP Request: GET http://localhost:8000/metrics "HTTP/1.1 200 OK"
INFO:httpx:HTTP Request: GET http://localhost:8000/metrics "HTTP/1.1 200 OK"
INFO:httpx:HTTP Request: GET http://localhost:8000/metrics "HTTP/1.1 200 OK"
INFO:httpx:HTTP Request: GET http://localhost:8000/metrics "HTTP/1.1 200 OK"
INFO:httpx:HTTP Request: GET http://localhost:8000/metrics "HTTP/1.1 200 OK"
INFO:httpx:HTTP Request: GET http://localhost:8000/metrics "HTTP/1.1 200 OK"
INFO:httpx:HTTP Request: GET http://localhost:8000/metrics "HTTP/1.1 200 OK"
INFO:httpx:HTTP Request: GET http://localhost:8000/metrics "HTTP/1.1 200 OK"
INFO:httpx:HTTP Request: GET http://localhost:8000/metrics "HTTP/1.1 200 OK"
INFO:httpx:HTTP Request: GET http://localhost:8000/metrics "HTTP/1.1 200 OK"
INFO:httpx:HTTP Request: GET http://localhost:8000/metrics "HTTP/1.1 200 OK"
INFO:httpx:HTTP Request: GET http://localhost:8000/metrics "HTTP/1.1 200 OK"
INFO:httpx:HTTP Request: GET http://localhost:8000/metrics "HTTP/1.1 200 OK"
INFO:httpx:HTTP Request: GET http://localhost:8000/metrics "HTTP/1.1 200 OK"
INFO:httpx:HTTP Request: GET http://localhost:8000/metrics "HTTP/1.1 200 OK"
INFO:httpx:HTTP Request: GET http://localhost:8000/metrics "HTTP/1.1 200 OK"
INFO:httpx:HTTP Request: GET http://localhost:8000/metrics "HTTP/1.1 200 OK"
INFO:httpx:HTTP Request: GET http://localhost:8000/metrics "HTTP/1.1 200 OK"
INFO:httpx:HTTP Request: GET http://localhost:8000/metrics "HTTP/1.1 200 OK"
INFO:httpx:HTTP Request: GET http://localhost:8000/metrics "HTTP/1.1 200 OK"
INFO:httpx:HTTP Request: GET http://localhost:8000/metrics "HTTP/1.1 200 OK"
INFO:httpx:HTTP Request: GET http://localhost:8000/metrics "HTTP/1.1 200 OK"
INFO:httpx:HTTP Request: GET http://localhost:8000/metrics "HTTP/1.1 200 OK"
INFO:httpx:HTTP Request: GET http://localhost:8000/metrics "HTTP/1.1 200 OK"
INFO:httpx:HTTP Request: GET http://localhost:8000/metrics "HTTP/1.1 200 OK"
INFO:httpx:HTTP Request: GET http://localhost:8000/metrics "HTTP/1.1 200 OK"
INFO:httpx:HTTP Request: GET http://localhost:8000/metrics "HTTP/1.1 200 OK"
INFO:httpx:HTTP Request: GET http://localhost:8000/metrics "HTTP/1.1 200 OK"
INFO:httpx:HTTP Request: GET http://localhost:8000/metrics "HTTP/1.1 200 OK"
INFO:httpx:HTTP Request: GET http://localhost:8000/metrics "HTTP/1.1 200 OK"
INFO:httpx:HTTP Request: GET http://localhost:8000/metrics "HTTP/1.1 200 OK"
INFO:httpx:HTTP Request: GET http://localhost:8000/metrics "HTTP/1.1 200 OK"
INFO:httpx:HTTP Request: GET http://localhost:8000/metrics "HTTP/1.1 200 OK"
INFO:httpx:HTTP Request: GET http://localhost:8000/metrics "HTTP/1.1 200 OK"
INFO:httpx:HTTP Request: GET http://localhost:8000/metrics "HTTP/1.1 200 OK"
INFO:httpx:HTTP Request: GET http://localhost:8000/metrics "HTTP/1.1 200 OK"
INFO:httpx:HTTP Request: GET http://localhost:8000/metrics "HTTP/1.1 200 OK"
INFO:httpx:HTTP Request: GET http://localhost:8000/metrics "HTTP/1.1 200 OK"
INFO:httpx:HTTP Request: GET http://localhost:8000/metrics "HTTP/1.1 200 OK"
INFO:httpx:HTTP Request: GET http://localhost:8000/metrics "HTTP/1.1 200 OK"
INFO:httpx:HTTP Request: GET http://localhost:8000/metrics "HTTP/1.1 200 OK"
INFO:httpx:HTTP Request: GET http://localhost:8000/metrics "HTTP/1.1 200 OK"
INFO:httpx:HTTP Request: GET http://localhost:8000/metrics "HTTP/1.1 200 OK"
INFO:httpx:HTTP Request: GET http://localhost:8000/metrics "HTTP/1.1 200 OK"
INFO:httpx:HTTP Request: GET http://localhost:8000/metrics "HTTP/1.1 200 OK"
INFO:httpx:HTTP Request: GET http://localhost:8000/metrics "HTTP/1.1 200 OK"
INFO:httpx:HTTP Request: GET http://localhost:8000/metrics "HTTP/1.1 200 OK"
INFO:httpx:HTTP Request: GET http://localhost:8000/metrics "HTTP/1.1 200 OK"
INFO:httpx:HTTP Request: GET http://localhost:8000/metrics "HTTP/1.1 200 OK"
INFO:httpx:HTTP Request: GET http://localhost:8000/metrics "HTTP/1.1 200 OK"
INFO:httpx:HTTP Request: GET http://localhost:8000/metrics "HTTP/1.1 200 OK"
INFO:httpx:HTTP Request: GET http://localhost:8000/metrics "HTTP/1.1 200 OK"
INFO:httpx:HTTP Request: GET http://localhost:8000/metrics "HTTP/1.1 200 OK"
INFO:httpx:HTTP Request: GET http://localhost:8000/metrics "HTTP/1.1 200 OK"
INFO:httpx:HTTP Request: GET http://localhost:8000/metrics "HTTP/1.1 200 OK"
INFO:httpx:HTTP Request: GET http://localhost:8000/metrics "HTTP/1.1 200 OK"
INFO:httpx:HTTP Request: GET http://localhost:8000/metrics "HTTP/1.1 200 OK"
INFO:httpx:HTTP Request: GET http://localhost:8000/metrics "HTTP/1.1 200 OK"
INFO:httpx:HTTP Request: GET http://localhost:8000/metrics "HTTP/1.1 200 OK"
INFO:httpx:HTTP Request: GET http://localhost:8000/metrics "HTTP/1.1 200 OK"
INFO:httpx:HTTP Request: GET http://localhost:8000/metrics "HTTP/1.1 200 OK"
INFO:httpx:HTTP Request: GET http://localhost:8000/metrics "HTTP/1.1 200 OK"
INFO:httpx:HTTP Request: GET http://localhost:8000/metrics "HTTP/1.1 200 OK"
INFO:httpx:HTTP Request: GET http://localhost:8000/metrics "HTTP/1.1 200 OK"
INFO:httpx:HTTP Request: GET http://localhost:8000/metrics "HTTP/1.1 200 OK"
INFO:httpx:HTTP Request: GET http://localhost:8000/metrics "HTTP/1.1 200 OK"
INFO:httpx:HTTP Request: GET http://localhost:8000/metrics "HTTP/1.1 200 OK"
INFO:httpx:HTTP Request: GET http://localhost:8000/metrics "HTTP/1.1 200 OK"
INFO:httpx:HTTP Request: GET http://localhost:8000/metrics "HTTP/1.1 200 OK"
INFO:httpx:HTTP Request: GET http://localhost:8000/metrics "HTTP/1.1 200 OK"
INFO:httpx:HTTP Request: GET http://localhost:8000/metrics "HTTP/1.1 200 OK"
INFO:httpx:HTTP Request: GET http://localhost:8000/metrics "HTTP/1.1 200 OK"
INFO:httpx:HTTP Request: GET http://localhost:8000/metrics "HTTP/1.1 200 OK"
INFO:httpx:HTTP Request: GET http://localhost:8000/metrics "HTTP/1.1 200 OK"
INFO:httpx:HTTP Request: GET http://localhost:8000/metrics "HTTP/1.1 200 OK"
INFO:httpx:HTTP Request: GET http://localhost:8000/metrics "HTTP/1.1 200 OK"
INFO:httpx:HTTP Request: GET http://localhost:8000/metrics "HTTP/1.1 200 OK"
INFO:httpx:HTTP Request: GET http://localhost:8000/metrics "HTTP/1.1 200 OK"
INFO:httpx:HTTP Request: GET http://localhost:8000/metrics "HTTP/1.1 200 OK"
INFO:httpx:HTTP Request: GET http://localhost:8000/metrics "HTTP/1.1 200 OK"
INFO:httpx:HTTP Request: GET http://localhost:8000/metrics "HTTP/1.1 200 OK"
INFO:httpx:HTTP Request: GET http://localhost:8000/metrics "HTTP/1.1 200 OK"
INFO:httpx:HTTP Request: GET http://localhost:8000/metrics "HTTP/1.1 200 OK"
INFO:httpx:HTTP Request: GET http://localhost:8000/metrics "HTTP/1.1 200 OK"
INFO:httpx:HTTP Request: GET http://localhost:8000/metrics "HTTP/1.1 200 OK"
INFO:httpx:HTTP Request: GET http://localhost:8000/metrics "HTTP/1.1 200 OK"
INFO:httpx:HTTP Request: GET http://localhost:8000/metrics "HTTP/1.1 200 OK"
INFO:httpx:HTTP Request: GET http://localhost:8000/metrics "HTTP/1.1 200 OK"
INFO:httpx:HTTP Request: GET http://localhost:8000/metrics "HTTP/1.1 200 OK"
INFO:httpx:HTTP Request: GET http://localhost:8000/metrics "HTTP/1.1 200 OK"
INFO:httpx:HTTP Request: GET http://localhost:8000/metrics "HTTP/1.1 200 OK"
INFO:httpx:HTTP Request: GET http://localhost:8000/metrics "HTTP/1.1 200 OK"
INFO:httpx:HTTP Request: GET http://localhost:8000/metrics "HTTP/1.1 200 OK"
INFO:httpx:HTTP Request: GET http://localhost:8000/metrics "HTTP/1.1 200 OK"
INFO:httpx:HTTP Request: GET http://localhost:8000/metrics "HTTP/1.1 200 OK"
INFO:httpx:HTTP Request: GET http://localhost:8000/metrics "HTTP/1.1 200 OK"
INFO:httpx:HTTP Request: GET http://localhost:8000/metrics "HTTP/1.1 200 OK"
INFO:httpx:HTTP Request: GET http://localhost:8000/metrics "HTTP/1.1 200 OK"
INFO:httpx:HTTP Request: GET http://localhost:8000/metrics "HTTP/1.1 200 OK"
INFO:httpx:HTTP Request: GET http://localhost:8000/metrics "HTTP/1.1 200 OK"
INFO:httpx:HTTP Request: GET http://localhost:8000/metrics "HTTP/1.1 200 OK"
INFO:httpx:HTTP Request: GET http://localhost:8000/metrics "HTTP/1.1 200 OK"
INFO:httpx:HTTP Request: GET http://localhost:8000/metrics "HTTP/1.1 200 OK"
INFO:httpx:HTTP Request: GET http://localhost:8000/metrics "HTTP/1.1 200 OK"
INFO:httpx:HTTP Request: GET http://localhost:8000/metrics "HTTP/1.1 200 OK"
INFO:httpx:HTTP Request: GET http://localhost:8000/metrics "HTTP/1.1 200 OK"
INFO:httpx:HTTP Request: GET http://localhost:8000/metrics "HTTP/1.1 200 OK"
INFO:httpx:HTTP Request: GET http://localhost:8000/metrics "HTTP/1.1 200 OK"
INFO:httpx:HTTP Request: GET http://localhost:8000/metrics "HTTP/1.1 200 OK"
INFO:httpx:HTTP Request: GET http://localhost:8000/metrics "HTTP/1.1 200 OK"
INFO:httpx:HTTP Request: GET http://localhost:8000/metrics "HTTP/1.1 200 OK"
INFO:httpx:HTTP Request: GET http://localhost:8000/metrics "HTTP/1.1 200 OK"
INFO:httpx:HTTP Request: GET http://localhost:8000/metrics "HTTP/1.1 200 OK"
INFO:httpx:HTTP Request: GET http://localhost:8000/metrics "HTTP/1.1 200 OK"
INFO:httpx:HTTP Request: GET http://localhost:8000/metrics "HTTP/1.1 200 OK"
INFO:httpx:HTTP Request: GET http://localhost:8000/metrics "HTTP/1.1 200 OK"
INFO:httpx:HTTP Request: GET http://localhost:8000/metrics "HTTP/1.1 200 OK"
INFO:httpx:HTTP Request: GET http://localhost:8000/metrics "HTTP/1.1 200 OK"
INFO:httpx:HTTP Request: GET http://localhost:8000/metrics "HTTP/1.1 200 OK"
INFO:httpx:HTTP Request: GET http://localhost:8000/metrics "HTTP/1.1 200 OK"
INFO:httpx:HTTP Request: GET http://localhost:8000/metrics "HTTP/1.1 200 OK"
INFO:httpx:HTTP Request: GET http://localhost:8000/metrics "HTTP/1.1 200 OK"
INFO:httpx:HTTP Request: GET http://localhost:8000/metrics "HTTP/1.1 200 OK"
INFO:httpx:HTTP Request: GET http://localhost:8000/metrics "HTTP/1.1 200 OK"
INFO:httpx:HTTP Request: GET http://localhost:8000/metrics "HTTP/1.1 200 OK"
INFO:httpx:HTTP Request: GET http://localhost:8000/metrics "HTTP/1.1 200 OK"
INFO:httpx:HTTP Request: GET http://localhost:8000/metrics "HTTP/1.1 200 OK"
INFO:httpx:HTTP Request: GET http://localhost:8000/metrics "HTTP/1.1 200 OK"
INFO:httpx:HTTP Request: GET http://localhost:8000/metrics "HTTP/1.1 200 OK"
INFO:httpx:HTTP Request: GET http://localhost:8000/metrics "HTTP/1.1 200 OK"
INFO:httpx:HTTP Request: GET http://localhost:8000/metrics "HTTP/1.1 200 OK"
INFO:httpx:HTTP Request: GET http://localhost:8000/metrics "HTTP/1.1 200 OK"
INFO:httpx:HTTP Request: GET http://localhost:8000/metrics "HTTP/1.1 200 OK"
INFO:httpx:HTTP Request: GET http://localhost:8000/metrics "HTTP/1.1 200 OK"
INFO:httpx:HTTP Request: GET http://localhost:8000/metrics "HTTP/1.1 200 OK"
INFO:httpx:HTTP Request: GET http://localhost:8000/metrics "HTTP/1.1 200 OK"
INFO:httpx:HTTP Request: GET http://localhost:8000/metrics "HTTP/1.1 200 OK"
INFO:httpx:HTTP Request: GET http://localhost:8000/metrics "HTTP/1.1 200 OK"
INFO:httpx:HTTP Request: GET http://localhost:8000/metrics "HTTP/1.1 200 OK"
INFO:httpx:HTTP Request: GET http://localhost:8000/metrics "HTTP/1.1 200 OK"
INFO:httpx:HTTP Request: GET http://localhost:8000/metrics "HTTP/1.1 200 OK"
INFO:httpx:HTTP Request: GET http://localhost:8000/metrics "HTTP/1.1 200 OK"
INFO:httpx:HTTP Request: GET http://localhost:8000/metrics "HTTP/1.1 200 OK"
INFO:httpx:HTTP Request: GET http://localhost:8000/metrics "HTTP/1.1 200 OK"
INFO:httpx:HTTP Request: GET http://localhost:8000/metrics "HTTP/1.1 200 OK"
INFO:httpx:HTTP Request: GET http://localhost:8000/metrics "HTTP/1.1 200 OK"
INFO:httpx:HTTP Request: GET http://localhost:8000/metrics "HTTP/1.1 200 OK"
INFO:httpx:HTTP Request: GET http://localhost:8000/metrics "HTTP/1.1 200 OK"
INFO:httpx:HTTP Request: GET http://localhost:8000/metrics "HTTP/1.1 200 OK"
INFO:httpx:HTTP Request: GET http://localhost:8000/metrics "HTTP/1.1 200 OK"
INFO:httpx:HTTP Request: GET http://localhost:8000/metrics "HTTP/1.1 200 OK"
INFO:httpx:HTTP Request: GET http://localhost:8000/metrics "HTTP/1.1 200 OK"
INFO:httpx:HTTP Request: GET http://localhost:8000/metrics "HTTP/1.1 200 OK"
INFO:httpx:HTTP Request: GET http://localhost:8000/metrics "HTTP/1.1 200 OK"
INFO:httpx:HTTP Request: GET http://localhost:8000/metrics "HTTP/1.1 200 OK"
INFO:httpx:HTTP Request: GET http://localhost:8000/metrics "HTTP/1.1 200 OK"
INFO:httpx:HTTP Request: GET http://localhost:8000/metrics "HTTP/1.1 200 OK"
INFO:httpx:HTTP Request: GET http://localhost:8000/metrics "HTTP/1.1 200 OK"
INFO:httpx:HTTP Request: GET http://localhost:8000/metrics "HTTP/1.1 200 OK"
INFO:httpx:HTTP Request: GET http://localhost:8000/metrics "HTTP/1.1 200 OK"
INFO:httpx:HTTP Request: GET http://localhost:8000/metrics "HTTP/1.1 200 OK"
INFO:httpx:HTTP Request: GET http://localhost:8000/metrics "HTTP/1.1 200 OK"
INFO:httpx:HTTP Request: GET http://localhost:8000/metrics "HTTP/1.1 200 OK"
INFO:httpx:HTTP Request: GET http://localhost:8000/metrics "HTTP/1.1 200 OK"
INFO:httpx:HTTP Request: GET http://localhost:8000/metrics "HTTP/1.1 200 OK"
INFO:httpx:HTTP Request: GET http://localhost:8000/metrics "HTTP/1.1 200 OK"
INFO:httpx:HTTP Request: GET http://localhost:8000/metrics "HTTP/1.1 200 OK"
INFO:httpx:HTTP Request: GET http://localhost:8000/metrics "HTTP/1.1 200 OK"
INFO:httpx:HTTP Request: GET http://localhost:8000/metrics "HTTP/1.1 200 OK"
INFO:httpx:HTTP Request: GET http://localhost:8000/metrics "HTTP/1.1 200 OK"
INFO:httpx:HTTP Request: GET http://localhost:8000/metrics "HTTP/1.1 200 OK"
INFO:httpx:HTTP Request: GET http://localhost:8000/metrics "HTTP/1.1 200 OK"
INFO:httpx:HTTP Request: GET http://localhost:8000/metrics "HTTP/1.1 200 OK"
INFO:httpx:HTTP Request: GET http://localhost:8000/metrics "HTTP/1.1 200 OK"
INFO:httpx:HTTP Request: GET http://localhost:8000/metrics "HTTP/1.1 200 OK"
INFO:httpx:HTTP Request: GET http://localhost:8000/metrics "HTTP/1.1 200 OK"
INFO:httpx:HTTP Request: GET http://localhost:8000/metrics "HTTP/1.1 200 OK"
INFO:httpx:HTTP Request: GET http://localhost:8000/metrics "HTTP/1.1 200 OK"
INFO:httpx:HTTP Request: GET http://localhost:8000/metrics "HTTP/1.1 200 OK"
INFO:httpx:HTTP Request: GET http://localhost:8000/metrics "HTTP/1.1 200 OK"
INFO:httpx:HTTP Request: GET http://localhost:8000/metrics "HTTP/1.1 200 OK"
INFO:httpx:HTTP Request: GET http://localhost:8000/metrics "HTTP/1.1 200 OK"
INFO:httpx:HTTP Request: GET http://localhost:8000/metrics "HTTP/1.1 200 OK"
